// Jest Snapshot v1, https://goo.gl/fbAQLP

exports[`Heading renders the main page heading 1`] = `
<h1
  className="text-2xl sm:text-6xl font-bold"
>
  My Heading
</h1>
`;
