// Jest Snapshot v1, https://goo.gl/fbAQLP

exports[`Subheading renders 1`] = `
<div>
  <h2
    class="mt-6 mb-3 text-3xl font-bold"
  >
    My Subheading
  </h2>
</div>
`;
