// Jest Snapshot v1, https://goo.gl/fbAQLP

exports[`TabularEntry renders 1`] = `
<div>
  <div
    class="py-3 sm:grid sm:grid-cols-3 sm:gap-3 sm:px-3"
  >
    <dt
      class="text-sm font-medium text-gray-500 dark:text-slate-400"
    >
      My Term
    </dt>
    <dd
      class="mt-1 text-sm text-gray-900 dark:text-slate-300 sm:mt-0 sm:col-span-2"
    >
      My description
    </dd>
  </div>
</div>
`;
